
> campobranco@0.6.77-beta build
> node --max-old-space-size=4096 node_modules/next/dist/bin/next build --webpack

Ôû▓ Next.js 16.1.1 (webpack)
- Environments: .env.local, .env.production, .env

node.exe : ÔÜá The 
"middleware" file convention 
is deprecated. Please use 
"proxy" instead. Learn more: h
ttps://nextjs.org/docs/message
s/middleware-to-proxy
No linha:1 caractere:1
+ & "C:\Program 
Files\nodejs/node.exe" 
"C:\Program 
Files\nodejs/node_mo ...
+ ~~~~~~~~~~~~~~~~~~~~~~~~~~~~
~~~~~~~~~~~~~~~~~~~~~~~~~~~~~~
~~~~~~~~~~~
    + CategoryInfo          : 
    NotSpecified: (ÔÜá The "  
  middle...leware-to-proxy:   
 String) [], RemoteExcepti    
on
    + FullyQualifiedErrorId : 
    NativeCommandError
 
  Creating an optimized production build ...
 Ô£ô (pwa) Compiling for server...
 Ô£ô (pwa) Compiling for server...
 Ô£ô (pwa) Compiling for client (static)...
 Ôùï (pwa) Service worker: C:\Users\design\Desktop\dev\campobranco\public\sw.js
 Ôùï (pwa)   URL: /sw.js
 Ôùï (pwa)   Scope: /
Failed to compile.

./app/admin/bugs/page.tsx
Module not found: Can't 
resolve '@/lib/supabase'

https://nextjs.org/docs/messag
es/module-not-found

./app/admin/reports/page.tsx
Module not found: Can't 
resolve '@/lib/supabase'

https://nextjs.org/docs/messag
es/module-not-found

./app/components/AssignedUserB
adge.tsx
Module not found: Can't 
resolve '@/lib/supabase'

https://nextjs.org/docs/messag
es/module-not-found

Import trace for requested 
module:
./app/my-maps/territory/page.t
sx

./app/components/Dashboard/Vis
itsHistory.tsx
Module not found: Can't 
resolve '@/lib/supabase'

https://nextjs.org/docs/messag
es/module-not-found

Import trace for requested 
module:
./app/dashboard/page.tsx

./app/components/FloatingRepor
tButton.tsx
Module not found: Can't 
resolve '@/lib/supabase'

https://nextjs.org/docs/messag
es/module-not-found


> Build failed because of 
webpack errors
