node.exe : (node:19856) [MODULE_TYPELESS_PACKAGE_JSON] Warning: Module type of 
file:///C:/Users/design/Desktop/dev/campobranco/test-join.ts is not specified and it 
doesn't parse as CommonJS.
No linha:1 caractere:1
+ & "C:\Program Files\nodejs/node.exe" "C:\Program Files\nodejs/node_mo ...
+ ~~~~~~~~~~~~~~~~~~~~~~~~~~~~~~~~~~~~~~~~~~~~~~~~~~~~~~~~~~~~~~~~~~~~~
    + CategoryInfo          : NotSpecified: ((node:19856) [M...se as CommonJS.:String 
   ) [], RemoteException
    + FullyQualifiedErrorId : NativeCommandError
 
Reparsing as ES module because module syntax was detected. This incurs a performance 
overhead.
To eliminate this warning, add "type": "module" to 
C:\Users\design\Desktop\dev\campobranco\package.json.
(Use `node --trace-warnings ...` to show where the warning was created)
[dotenv@17.3.1] injecting env (13) from .env.local -- tip: ­ƒöÉ prevent building .env in docker: https://dotenvx.com/prebuild
Testing join 'cities'...
Error 'cities': Could not find a relationship between 'territories' and 'cities' in 
the schema cache
Testing join 'city'...
Error 'city': Could not find a relationship between 'territories' and 'city' in the 
schema cache
Testing join 'addresses'...
Success 'addresses': []
Testing join 'address'...
Error 'address': Could not find a relationship between 'visits' and 'address' in the 
schema cache
